total_time, check_valid
Unsolvable!
Solved Sudoku:
-------------------------------
|    3  1 |         | 8       |
|    8  2 |         | 4  1  7 |
| 9       |         |         |
-------------------------------
|         |    1    |       8 |
|    6    | 3  2    | 1       |
|       4 |         |    2    |
-------------------------------
| 2  9    |         |    3    |
| 8     7 | 2  4    |       9 |
|         |         |         |
-------------------------------

0.045502, 0.0224271
Unsolvable!
Solved Sudoku:
-------------------------------
| 7  8    |         |    5  2 |
| 2  6  5 |       7 | 4     3 |
|         |         |         |
-------------------------------
|    5  6 |    1    |         |
|       7 |         | 5  4    |
| 4       |    3    |       6 |
-------------------------------
|         |    2  4 | 6       |
|         |       3 |         |
|         | 1       | 3     8 |
-------------------------------

0.005998, 0.00305045
Unsolvable!
Solved Sudoku:
-------------------------------
| 3       |         |       6 |
|         |         |    5  7 |
|         | 2     3 |    8    |
-------------------------------
|         | 6       |    9  3 |
| 6       | 5  3    |         |
| 2     9 | 8     1 |    7    |
-------------------------------
|         |       8 |         |
| 9       | 1     2 | 5  3    |
|       1 |       6 | 2       |
-------------------------------

0.048500, 0.0268385
Unsolvable!
Solved Sudoku:
-------------------------------
|       8 | 3       | 1       |
| 5  7    | 8       | 6       |
|    9  6 |       7 |    2    |
-------------------------------
| 8       |    7    |         |
| 2       |       3 |    9  5 |
|       9 | 2       |       6 |
-------------------------------
|         |       8 |         |
|         |    6    |       1 |
|         |       5 |       7 |
-------------------------------

0.017498, 0.00894062
Unsolvable!
Solved Sudoku:
-------------------------------
|    8    |         |       9 |
|         |    4    |         |
| 9     5 |         |    7  8 |
-------------------------------
| 8     7 |    9    |       4 |
| 3  9  4 |    5    |         |
|       2 |         |         |
-------------------------------
|       9 |       4 |         |
| 6  2    | 5       |         |
| 5       | 3     9 | 6     2 |
-------------------------------

0.157701, 0.0894009
Unsolvable!
Solved Sudoku:
-------------------------------
| 5     7 |       9 |         |
|    4  1 | 5     6 |         |
|         |    7    |       3 |
-------------------------------
| 4  1    | 8  5    |         |
|         |         |         |
|       9 |    3  7 | 5       |
-------------------------------
|         | 4       |    9  1 |
| 1     8 |         |    6    |
|         | 9       |         |
-------------------------------

0.028097, 0.0159785
Unsolvable!
Solved Sudoku:
-------------------------------
| 2       | 8       |    3  7 |
|       7 |    4    |         |
| 5       |    1    |         |
-------------------------------
|         |    9  4 | 3     1 |
|         | 3  2    |         |
|         |         |         |
-------------------------------
|       4 |    8  1 | 5       |
| 1       | 9       | 2  8    |
| 3     5 |         |         |
-------------------------------

0.292820, 0.140461
Unsolvable!
Solved Sudoku:
-------------------------------
|       6 |         |    9    |
|       2 |         |       5 |
|         |       7 | 1       |
-------------------------------
| 9     1 |       6 | 3  2    |
| 5       |         |         |
|         | 4       | 6       |
-------------------------------
|    7    | 5       | 4       |
| 2     3 |    4    |         |
|       5 |    3  9 | 2       |
-------------------------------

0.240217, 0.135859
Unsolvable!
Solved Sudoku:
-------------------------------
|         |         |    8  3 |
| 9     2 |         |         |
|         |    9  3 |         |
-------------------------------
|         |         |         |
|         |    4  7 |       9 |
| 4  8    |    1    | 3  2    |
-------------------------------
| 1       | 9  6    | 8       |
|    9    |         | 6     1 |
|    4  8 | 2       |       7 |
-------------------------------

1.129536, 0.579992
Unsolvable!
Solved Sudoku:
-------------------------------
|         | 9     8 |       3 |
|         |         |    6    |
|         | 7  3    | 9  5    |
-------------------------------
| 8     2 |    5    |       9 |
|         | 8     2 |       7 |
| 5  6    |    1    |         |
-------------------------------
|         | 6       | 1       |
| 6       |       1 | 8  7  2 |
|         |         |         |
-------------------------------

0.161922, 0.090739
Unsolvable!
Solved Sudoku:
-------------------------------
|         | 2     6 |    3    |
|         |         |       4 |
| 2  6    |       1 |       9 |
-------------------------------
|       9 | 3       |       1 |
|         |         |    5    |
|         | 5       | 3       |
-------------------------------
|         |    1    | 9  8    |
| 1     2 |         |         |
|    4  6 |       9 |       5 |
-------------------------------

0.079666, 0.0442197
Unsolvable!
Solved Sudoku:
-------------------------------
|    8  9 |    2  6 |         |
| 4  1    |    9    |         |
|       3 |    4    |    2    |
-------------------------------
| 7       |         |    1    |
|         |         | 8  9  6 |
|    3  6 |         | 4       |
-------------------------------
| 8  4    |         | 9       |
|         | 3       |    7    |
|         | 4       | 1       |
-------------------------------

0.002777, 0.00157478
Unsolvable!
Solved Sudoku:
-------------------------------
| 2       |         | 5  9    |
|       5 |         |       7 |
|       9 |         |         |
-------------------------------
|    6    |       7 | 2  3    |
| 7  3    |       5 |       4 |
|    4    |    2  6 |       8 |
-------------------------------
|       6 |         | 4       |
| 3       | 9       | 8  7    |
|         |         |       9 |
-------------------------------

0.078012, 0.0447382
Unsolvable!
Solved Sudoku:
-------------------------------
| 2       |         |    3  9 |
|       3 |       7 |         |
|         | 9  4    |         |
-------------------------------
| 5       |    3    | 6  1    |
| 6       |    5    |         |
|         | 7       |         |
-------------------------------
|         | 2  1  9 |         |
|       4 |         | 1       |
|    7  6 |         |         |
-------------------------------

0.595227, 0.280577
Unsolvable!
Solved Sudoku:
-------------------------------
| 7       |       1 |       6 |
|       5 | 9     7 |    1    |
|    3    |       2 |         |
-------------------------------
| 3       | 6  5    |         |
|    5    | 1       |         |
|         |         | 4  3    |
-------------------------------
|    4    | 7  2    | 6       |
|    2    |       4 |         |
|       9 |         | 5       |
-------------------------------

0.422004, 0.211445
Unsolvable!
Solved Sudoku:
-------------------------------
|       5 |         | 2  9  7 |
|    3    | 2  5    |         |
|       1 | 9       | 3       |
-------------------------------
|         | 4       |         |
|    6    |         | 7  1    |
|    4    | 3       |         |
-------------------------------
| 5       | 1  2    |    6    |
|       2 |         | 5  4    |
|       6 |    3    |         |
-------------------------------

0.150117, 0.074282
Unsolvable!
Solved Sudoku:
-------------------------------
|         |    7  4 |       1 |
| 8       |         | 5     3 |
|         |       3 |    7    |
-------------------------------
|         |         |    3  5 |
|    7  1 |         |       9 |
| 3  6    |         | 4       |
-------------------------------
| 6  9  5 |         |       4 |
|    4    |         | 7       |
|         | 5       | 1       |
-------------------------------

0.019652, 0.0110119
Unsolvable!
Solved Sudoku:
-------------------------------
| 8  3    |         |       1 |
|    1  4 | 9       | 8       |
|         |       7 |         |
-------------------------------
| 9       |         |    6    |
| 2       |    8    | 3     4 |
|       8 | 2     4 |         |
-------------------------------
|    2    |         | 6     7 |
|    6    |         |    9    |
|         | 1       |         |
-------------------------------

0.051379, 0.0264418
Unsolvable!
Solved Sudoku:
-------------------------------
|         |         |         |
|    4  3 | 7  1  5 |         |
|    5  7 |    3    |         |
-------------------------------
|         | 5  6    |         |
|         |    4  3 |         |
|    9    | 8       |       5 |
-------------------------------
| 8       | 4  9  7 | 1     3 |
|         |         |         |
|       6 | 3     1 | 4  8    |
-------------------------------

0.276492, 0.132241
Unsolvable!
Solved Sudoku:
-------------------------------
| 9     6 |         |    1    |
|       8 |         | 4  6  7 |
|         |    4    |         |
-------------------------------
| 6     5 |         |    4    |
| 8  9  1 |       7 | 6       |
|         |    5    |       1 |
-------------------------------
|    6  2 |    1    |    8    |
|         |         |    7  4 |
|    8  7 |         | 9       |
-------------------------------

0.129545, 0.0708984
Unsolvable!
Solved Sudoku:
-------------------------------
| 3  1    |         | 5       |
|    8  6 |         |         |
|       4 |    2    |         |
-------------------------------
|    3  8 |    5    | 2       |
|    2    |         |    8    |
| 6       |    4    |    9  5 |
-------------------------------
|         |       9 |         |
|         |    1  4 |    6    |
| 5       | 8       |       4 |
-------------------------------

0.075150, 0.0409105
Unsolvable!
Solved Sudoku:
-------------------------------
|         |       5 |    6    |
|       9 |         | 1       |
| 7       |         |    4  3 |
-------------------------------
|         |       9 | 2       |
| 1  5    |       3 |    9    |
|         |       2 |       6 |
-------------------------------
|       5 |    6  4 |         |
|         |    2    |         |
| 4     6 | 3  9  7 |         |
-------------------------------

0.143243, 0.0818924
Unsolvable!
Solved Sudoku:
-------------------------------
|         | 6  4    |       1 |
|    8  6 | 7       |       2 |
| 1     9 |    8    |       3 |
-------------------------------
|         |         |         |
| 2       |       3 | 8     7 |
|         | 9  6    |         |
-------------------------------
| 7  2    | 4       | 3       |
|    3  1 |    7  6 |         |
|         |         |    9    |
-------------------------------

0.070726, 0.0335934
Unsolvable!
Solved Sudoku:
-------------------------------
|       3 |         |         |
|         |    4    | 6       |
|         |       7 |    5    |
-------------------------------
|    7  5 | 6     8 |         |
| 8     9 | 5  3  1 | 4       |
| 1       |         |         |
-------------------------------
|    9    |         |    7  6 |
| 5     8 |    7    |       1 |
|       6 | 1       |       9 |
-------------------------------

0.350013, 0.190487
Unsolvable!
Solved Sudoku:
-------------------------------
|         | 9     5 |    1    |
|    8  6 |         |         |
|       5 |         |    8  4 |
-------------------------------
| 5  4    |         |    7    |
| 2     1 |         |         |
|    7    |         | 1  4  9 |
-------------------------------
|       2 |    7  1 |       5 |
|         |         | 7     2 |
| 8  9    |       2 |    6    |
-------------------------------

0.034280, 0.0190965
Unsolvable!
Solved Sudoku:
-------------------------------
|         |         |         |
|    6    |       3 | 4       |
|    9    | 5  7  4 |    3  2 |
-------------------------------
|         |    5    |       1 |
|         | 4  6  1 |       9 |
|       9 | 2       |       3 |
-------------------------------
| 6       | 7       |         |
|    3    |       6 |         |
| 5       | 1  3    |    7    |
-------------------------------

0.115042, 0.0624924
Unsolvable!
Solved Sudoku:
-------------------------------
|       2 | 5       | 1       |
| 8  6    | 7       |    2    |
|    1  7 | 3       |    8  5 |
-------------------------------
| 4       |         | 3  7  2 |
|         |       3 | 6     4 |
|    7    |         |       8 |
-------------------------------
|       1 |       2 |         |
|         | 6       |         |
|         |    4    |         |
-------------------------------

0.002466, 0.00139325
Unsolvable!
Solved Sudoku:
-------------------------------
|         | 1       |    3  2 |
|       5 |         | 7       |
| 7  9    |         | 1  6    |
-------------------------------
| 6       | 3       |       5 |
| 5       |         |         |
|    2    |    1    |         |
-------------------------------
|         | 5  3    | 2       |
| 4  6    | 7  9    |         |
|         |       6 |       4 |
-------------------------------

0.006145, 0.00352811
Unsolvable!
Solved Sudoku:
-------------------------------
| 3       |         |       2 |
| 8       |    6    | 7       |
|    7  1 |         |    4    |
-------------------------------
|    9    | 7       |       4 |
|    6    | 2       |         |
|         |         | 1       |
-------------------------------
|         |    3  9 |    2    |
|         |       8 | 3  1    |
|    1    |       2 | 4     7 |
-------------------------------

0.150402, 0.0735139
Unsolvable!
Solved Sudoku:
-------------------------------
| 8       |       5 |       6 |
|         | 1  9  7 |         |
|         |         |         |
-------------------------------
| 7       |         |         |
|         | 8     6 |    1    |
| 1       |    5  4 | 8  9  2 |
-------------------------------
| 4     5 |       2 |         |
|    6    |    1    | 4     7 |
|    7    |       9 | 2     1 |
-------------------------------

3.591336, 1.83174
Unsolvable!
Solved Sudoku:
-------------------------------
|    6    |       5 | 4       |
|         | 1       |       9 |
|       5 | 2  4    | 1       |
-------------------------------
|       7 |         |         |
|    5  9 |    2    |    6  7 |
|    2    | 7     6 |    3    |
-------------------------------
| 7       |    3  9 |       4 |
|         |         |       3 |
|       2 |         |         |
-------------------------------

0.021328, 0.0110627
Unsolvable!
Solved Sudoku:
-------------------------------
| 2     3 |         |    5  1 |
|       4 |         |         |
|    6    |    4  9 | 2       |
-------------------------------
|    2    | 9  7    | 1     5 |
| 1  3    |         |       2 |
| 7     5 |         |         |
-------------------------------
|       2 |         |         |
|       7 |    1    |    4    |
|         |         | 9     3 |
-------------------------------

0.015323, 0.00824687
Unsolvable!
Solved Sudoku:
-------------------------------
|    3  4 | 8       | 9       |
|    8    |         |         |
|       5 |         | 4       |
-------------------------------
|       3 |       5 | 8       |
|         |    4    | 2     5 |
|    2    |    9    |    4    |
-------------------------------
|    1    |       3 |         |
|    4  7 |    5  9 |       3 |
|       8 | 7  1    |         |
-------------------------------

0.077472, 0.0438206
Unsolvable!
Solved Sudoku:
-------------------------------
| 7       | 4     5 |    9    |
|    8    |       7 |         |
|         | 1       | 2  8    |
-------------------------------
|         | 3  4    | 1  5  2 |
|    9    |       1 |         |
|         |         | 3       |
-------------------------------
|         |         |       3 |
| 3  7    |         | 8     5 |
|       4 | 2       |         |
-------------------------------

0.002501, 0.00140148
Unsolvable!
Solved Sudoku:
-------------------------------
|    2    | 4  7    |         |
|       8 |       1 |    4  7 |
| 7       |       3 | 1  2    |
-------------------------------
|    3    | 9     5 |       4 |
|    8    |       4 | 3  9  2 |
|         |    1    |         |
-------------------------------
|         |         |         |
|       5 | 2       |       8 |
|       9 |         |         |
-------------------------------

0.012832, 0.0068484
Unsolvable!
Solved Sudoku:
-------------------------------
| 3       |    6    |    4  7 |
|    4    |    3  2 |         |
| 6     9 |         | 3       |
-------------------------------
|         |         |       8 |
|    8    |         |    1    |
| 7     1 |         | 4  9    |
-------------------------------
|    3  4 |    8  7 |       1 |
|       6 |       3 | 9  8    |
| 9       |         |       4 |
-------------------------------

0.011863, 0.0067623
Unsolvable!
Solved Sudoku:
-------------------------------
|         |    8  5 | 3       |
|    7  6 |         |         |
| 8       |    9    |         |
-------------------------------
|       9 |         |       4 |
| 7  6    |       2 |         |
|    2    |    4  6 |         |
-------------------------------
|       7 |         |    8    |
|       8 | 3       |    4  9 |
| 4       |         | 2     5 |
-------------------------------

0.101171, 0.0542771
Unsolvable!
Solved Sudoku:
-------------------------------
| 5  4    |    6    |         |
|         |    7  4 | 8       |
|         |    3    |         |
-------------------------------
|         | 6  1    |         |
| 1       |         |       2 |
|       3 |    4  8 |    1    |
-------------------------------
|    6    |    2    |         |
|    5  4 |       7 |         |
| 2     7 |         |    4  1 |
-------------------------------

1.588669, 0.776279
Unsolvable!
Solved Sudoku:
-------------------------------
|         |    9    |       5 |
|         |         | 3  7  8 |
|         |       1 | 2       |
-------------------------------
| 8       |         |    5  3 |
|       3 |       5 |    2  9 |
| 9       |       8 | 6       |
-------------------------------
|         | 7       |    3  6 |
|    5    | 3     2 |         |
| 7       |    1    |         |
-------------------------------

0.545906, 0.273738
Unsolvable!
Solved Sudoku:
-------------------------------
| 3       |         |         |
|    2    |         | 6  7    |
|         | 9       |    8    |
-------------------------------
| 2       | 4     8 |    6    |
|    6    | 5       | 7  4    |
| 9  8    | 3     7 |       2 |
-------------------------------
| 8     2 |       5 |         |
| 7       |         |    9  4 |
|         |       9 | 2       |
-------------------------------

0.153458, 0.0836523
Unsolvable!
Solved Sudoku:
-------------------------------
|         |    8    |    2    |
|    8  2 |         | 6       |
|       3 |    9  6 |    4    |
-------------------------------
|    1    |         |         |
| 9  6  8 |         | 3       |
|         | 1       |         |
-------------------------------
|       9 |    2  1 | 4     6 |
|         |         |    9  8 |
| 4  7    | 9       |         |
-------------------------------

0.016168, 0.00934957
Unsolvable!
Solved Sudoku:
-------------------------------
|    1    |       4 |         |
| 4       |         |       2 |
| 2  8  7 |         |       9 |
-------------------------------
|         | 5  8    |    2    |
| 3       |    9  2 | 8       |
|         |    1    | 3       |
-------------------------------
| 1     4 |         |         |
| 7  3    |         | 1       |
| 9  2    | 7       |    3  4 |
-------------------------------

0.015090, 0.00858303
Unsolvable!
Solved Sudoku:
-------------------------------
|         |    6    |    2    |
| 9       |         | 1       |
|    7    |    2    |       9 |
-------------------------------
|       2 | 9     8 | 3     1 |
|         |         |    5    |
|       1 |         | 2  7    |
-------------------------------
|    8    |       1 |         |
| 2     9 | 8       |       5 |
|         |    7  3 |         |
-------------------------------

0.088097, 0.0493911
Unsolvable!
Solved Sudoku:
-------------------------------
|       9 |         |       4 |
| 2       | 5  4    | 8       |
|       5 |       3 | 6     7 |
-------------------------------
| 8       | 9       |         |
|    7    | 2       |    9  3 |
|         |    6    |       5 |
-------------------------------
| 6  4    |         | 3     8 |
|         |         |         |
| 9       |         | 5  7  6 |
-------------------------------

0.035207, 0.0179835
Unsolvable!
Solved Sudoku:
-------------------------------
|       5 |    8    | 1  9    |
|    6    |         |    3  7 |
|    2    | 3       |         |
-------------------------------
| 7       |       5 |    1  6 |
|         | 6  9    |    5    |
|       8 |         |       3 |
-------------------------------
|         |    5    | 8     9 |
|         | 2  7    |         |
|         |         |         |
-------------------------------

0.004512, 0.00235839
Unsolvable!
Solved Sudoku:
-------------------------------
|         | 3     1 |    5    |
| 1       | 4       |    6    |
|         |    2    |       7 |
-------------------------------
| 4       |         |    7    |
|       8 |         |       2 |
|    2    | 6     7 | 5       |
-------------------------------
|         | 1     8 | 3       |
|         |       5 |         |
|    6  2 |    4    |    1    |
-------------------------------

0.087917, 0.0439223
Unsolvable!
Solved Sudoku:
-------------------------------
|    2    | 4     5 |         |
|       4 |         |    5  3 |
| 7       |       6 | 1       |
-------------------------------
|         |    4    | 9  3  5 |
| 6  1    |         |         |
|         |    9    |    7    |
-------------------------------
| 2       |         | 3  4  7 |
| 9       | 5       |    6    |
|         |         |         |
-------------------------------

0.012431, 0.00706372
Unsolvable!
Solved Sudoku:
-------------------------------
| 8       |         |         |
| 6       | 3       | 2       |
|         |         |       9 |
-------------------------------
|         |    3    |    9    |
|         | 9  8  5 | 1       |
| 1     5 |       6 |    3    |
-------------------------------
|       7 |    5  9 |       3 |
| 3       |       1 |       2 |
|    2    |         |    1  7 |
-------------------------------

0.464608, 0.264405
Unsolvable!
Solved Sudoku:
-------------------------------
|    3    | 7       | 6     5 |
|    4    | 6       |    3    |
|         |       9 |       2 |
-------------------------------
| 6       |    7    |    2    |
| 7       |       3 |         |
|    9    | 5       | 4       |
-------------------------------
|    6  9 |         | 7     3 |
|         |         | 8  6    |
|         |       4 |    9    |
-------------------------------

0.110638, 0.0551665
Unsolvable!
Solved Sudoku:
-------------------------------
| 9       | 5     4 | 7       |
|         |       2 |         |
|         |    6    |       5 |
-------------------------------
|         |         |    4    |
|       2 |    8  5 |    3    |
| 3       |         |    7  6 |
-------------------------------
|       6 |         |         |
|       3 |    9    | 6     2 |
| 7  4    |         |    5  9 |
-------------------------------

0.529479, 0.257903
Unsolvable!
Solved Sudoku:
-------------------------------
|       1 | 2       |         |
|    8  5 | 6  7    |    1  2 |
|         |         |       4 |
-------------------------------
|    2  7 |         |         |
|    1  3 |    8    |         |
|         |    4    |    6    |
-------------------------------
| 8       |         |         |
|         |       7 | 2     3 |
|    7    | 4  5  8 |         |
-------------------------------

0.144581, 0.0745066
Unsolvable!
Solved Sudoku:
-------------------------------
| 3       | 8     6 |       4 |
|         | 9  3    |         |
|         |    7    |    6    |
-------------------------------
|       3 |    5    |       6 |
| 5     1 | 6  8  3 | 9       |
|       4 |    9    |       1 |
-------------------------------
|       7 |    6    | 3       |
|       8 |    4    |         |
|         | 1       |    5    |
-------------------------------

0.216251, 0.11536
Unsolvable!
Solved Sudoku:
-------------------------------
| 1       | 8       |    2    |
|         |         | 4       |
| 8  9    | 3  1    |         |
-------------------------------
|    2    |       8 |         |
| 9       |         |    7    |
| 3  5  8 |         |         |
-------------------------------
| 7     3 | 9       |    8    |
| 2  1    |       5 |         |
|       5 |       1 | 6       |
-------------------------------

0.010892, 0.00634004
Unsolvable!
Solved Sudoku:
-------------------------------
|         |    6    | 3  1  8 |
|       1 | 3  8    | 4     6 |
|         |         |    2    |
-------------------------------
|       3 |       8 | 1       |
|       4 |         | 6     2 |
| 2       |       3 |    9    |
-------------------------------
| 1     9 |         | 5     4 |
|    6    | 2       |         |
|         | 8       |       3 |
-------------------------------

0.450206, 0.22606
Unsolvable!
Solved Sudoku:
-------------------------------
|         | 4       |       2 |
| 6  8    | 5       |         |
|    4    |         |         |
-------------------------------
|       5 | 6     2 |    7    |
| 3       |       8 |         |
|         |         | 3  6    |
-------------------------------
|    7  8 |         | 4       |
| 2       |         |    3    |
| 1  6    |       7 | 8  2    |
-------------------------------

0.440073, 0.229046
Unsolvable!
Solved Sudoku:
-------------------------------
|       2 | 8  1    |         |
|    3  4 |         |         |
| 1       |         | 9     2 |
-------------------------------
|         |         | 4     5 |
|       8 | 1  9    |         |
|       3 | 5       | 1     6 |
-------------------------------
|    6    |         |       4 |
|         |       3 | 2  6    |
|       1 | 4  2    |         |
-------------------------------

0.048837, 0.027047
Unsolvable!
Solved Sudoku:
-------------------------------
| 1       | 7       |         |
|         | 2  1    |       6 |
|    6  4 | 9  5    |       8 |
-------------------------------
| 9       |    7    |         |
|         |         | 4       |
|       6 |         |         |
-------------------------------
| 5     1 |         |    6    |
|       9 | 5  6    | 2       |
|    4    |    2    | 9  7    |
-------------------------------

0.009431, 0.00489272
Unsolvable!
Solved Sudoku:
-------------------------------
|         |         |    6    |
|         |    2  9 |    4    |
|       2 |       7 |         |
-------------------------------
| 1       |         | 5       |
|         | 9       | 7       |
| 8     5 |    4    | 2     6 |
-------------------------------
|       4 |    6    | 8       |
|    2    | 4  1    |         |
|    1    |       8 |    7    |
-------------------------------

0.059286, 0.0318136
Unsolvable!
Solved Sudoku:
-------------------------------
|         | 7       | 9       |
|         |    8    | 5  1  4 |
|         | 9     4 |       8 |
-------------------------------
|    4    |         |       6 |
|       7 |       6 | 2  8  1 |
|         | 5     2 |         |
-------------------------------
|         | 4     7 |       9 |
| 2  6    |         | 1       |
|         |         |    6    |
-------------------------------

0.081013, 0.0408304
Unsolvable!
Solved Sudoku:
-------------------------------
|    9    |       2 |    7    |
|    2  3 | 7       | 8     4 |
|    1    | 4  6    |         |
-------------------------------
|         | 3  1    |    8    |
|    4    |         | 3       |
|         |         | 4  2    |
-------------------------------
| 8       | 9       | 2  1  6 |
|         |       3 | 7       |
|    6    |         |         |
-------------------------------

0.003684, 0.00189089
Unsolvable!
Solved Sudoku:
-------------------------------
|       6 |         | 5     2 |
|    8    |         |    3  6 |
| 2       |         | 8     7 |
-------------------------------
|    3    |         |       8 |
|         |       5 |    1    |
| 1       |    3    | 6  2    |
-------------------------------
|         |         |       4 |
|       7 | 2     8 |    5  3 |
|    4    |    5  3 |         |
-------------------------------

0.134625, 0.0670272
Unsolvable!
Solved Sudoku:
-------------------------------
| 3     8 |         |         |
| 9  1    |    2    |         |
|    2    |         |         |
-------------------------------
|         | 6       | 3       |
|         | 5     4 |    2  8 |
|    5    |         |    4    |
-------------------------------
| 6     1 |       9 | 8       |
|         | 3     1 |       4 |
|       4 |       2 |    5    |
-------------------------------

3.530721, 1.68247
Unsolvable!
Solved Sudoku:
-------------------------------
|       4 | 8     7 |       1 |
|         |    9    |         |
| 5       | 6       |    2    |
-------------------------------
|       8 |       9 |    4    |
|         |         | 2     6 |
|       7 |    8    | 1       |
-------------------------------
| 9     6 | 7     1 |    5  8 |
|    8    | 2       |         |
|    5    |         |    7    |
-------------------------------

0.041803, 0.0232128
Unsolvable!
Solved Sudoku:
-------------------------------
| 2       | 5  8    |    6  9 |
| 8       | 1  3  6 |         |
|         |         |       8 |
-------------------------------
|         | 2     9 |         |
|         | 6  5    |         |
|         |       3 |       2 |
-------------------------------
|         |         |    1    |
| 9  6  5 |    2    | 8       |
| 3     1 | 9  6    | 7       |
-------------------------------

2.836607, 1.38247
Unsolvable!
Solved Sudoku:
-------------------------------
|         |         | 8       |
|       3 |    8  9 |    4  1 |
|         |    2  1 |         |
-------------------------------
| 5       |         | 3     6 |
|       8 | 6  1    |    2    |
|         |         |         |
-------------------------------
|       6 |    9    |    3  2 |
|    2    |       3 |    8    |
|         | 5       | 6     4 |
-------------------------------

0.055298, 0.0284869
Unsolvable!
Solved Sudoku:
-------------------------------
|       2 |         |         |
|    9    |         | 5       |
|         |         | 3       |
-------------------------------
|    6    |       1 |    8    |
|    5  3 |       8 | 6       |
|    2  4 |    6    |       3 |
-------------------------------
|         | 5       | 9       |
|    8    | 2  9  3 |    1    |
|       6 |    4    |    2    |
-------------------------------

2.973039, 1.67921
Unsolvable!
Solved Sudoku:
-------------------------------
| 7       |         | 9       |
|         | 7     4 |         |
|         |         |         |
-------------------------------
|    7    | 8       | 3  2    |
| 9  5  4 |         | 8       |
| 8       |         |    4    |
-------------------------------
|         |         |         |
|    2    |    1    |    3  4 |
|    9    | 2  8  3 | 5  7    |
-------------------------------

1.328815, 0.767754
Unsolvable!
Solved Sudoku:
-------------------------------
|         | 6       |         |
| 8       | 2  5    |       4 |
|         |         |       8 |
-------------------------------
| 4     2 |         |    5  1 |
|         |         |    4    |
|       6 |    9    |       3 |
-------------------------------
| 9       |       8 |         |
|    6    | 9  2    | 1       |
| 5  1    |       4 |       9 |
-------------------------------

0.565930, 0.285193
Unsolvable!
Solved Sudoku:
-------------------------------
|       1 |         | 7  4    |
|    3    |       4 | 9       |
|    6    |    7    |         |
-------------------------------
|    7    |    6  3 | 2     1 |
| 3       | 4       |         |
| 8  2    | 9       |         |
-------------------------------
| 9       |         |         |
|    4    |         |    8  6 |
|         |         |       3 |
-------------------------------

0.015961, 0.00876516
Unsolvable!
Solved Sudoku:
-------------------------------
| 4     6 |         |    5  7 |
|         |       1 | 4       |
| 2       |         | 8  9    |
-------------------------------
|    9  4 |    8    |         |
|       5 |       6 |         |
|         | 2       |         |
-------------------------------
| 6       |    9    |    2  4 |
|         | 8       |    6    |
|         |    1  2 | 9       |
-------------------------------

0.007917, 0.00437592
Unsolvable!
Solved Sudoku:
-------------------------------
|       1 |    4    | 8       |
| 5       |         |    1    |
|       6 |         |         |
-------------------------------
|       8 |         | 6       |
| 6       |       1 |    9  4 |
|         |    5    | 2       |
-------------------------------
|    5    | 8       |    6    |
| 7  9    |         |    8    |
|         |    1    | 7  2  9 |
-------------------------------

0.493467, 0.267743
Unsolvable!
Solved Sudoku:
-------------------------------
|    6  8 |         |         |
|         |    9    |       5 |
| 9  1  4 |       7 |         |
-------------------------------
|       3 | 4       |    1    |
|       6 | 3  7  1 | 9       |
| 8       |       6 |         |
-------------------------------
|         |    4    |    8    |
| 7       | 9     5 |       4 |
|         |         |         |
-------------------------------

0.007156, 0.00396627
Unsolvable!
Solved Sudoku:
-------------------------------
| 2  4    |    1    |    8    |
|         |       6 |    2  9 |
|       8 |    5  7 |    6    |
-------------------------------
|       5 | 9     8 | 7       |
| 6  1    |         |         |
|         |    2    |         |
-------------------------------
| 7     4 |         |         |
| 9       |         |         |
| 1     2 |    8    |    4    |
-------------------------------

0.002932, 0.0014951
Unsolvable!
Solved Sudoku:
-------------------------------
|         |       2 | 7     8 |
|         |    1    | 3       |
|         |         |         |
-------------------------------
|         |         |         |
|         |       5 |       2 |
| 6       | 3     7 | 1       |
-------------------------------
|    8    | 1  9    |    2    |
| 5     3 |    2  6 |         |
|       1 | 5       |    9  7 |
-------------------------------

32.221624, 16.0428
Unsolvable!
Solved Sudoku:
-------------------------------
| 2  7  3 |    4    |       1 |
|         |         |       4 |
| 5  1    | 7     2 |         |
-------------------------------
|         |         | 9       |
| 9       | 4     5 | 6       |
|         |    3    |    7    |
-------------------------------
| 7       |       1 |       2 |
|         |    2    |    3    |
|    6    |         | 5       |
-------------------------------

0.001917, 0.00111664
Unsolvable!
Solved Sudoku:
-------------------------------
| 9  4    |    2  5 | 3  8    |
|       6 | 8       |    5    |
|       5 |         | 1     4 |
-------------------------------
| 2       |       8 |    3    |
| 8       | 3     4 |       9 |
|         |         |    6    |
-------------------------------
|       3 |       2 |         |
|    9    |         |         |
|         |    6  3 |         |
-------------------------------

0.002525, 0.00141811
Unsolvable!
Solved Sudoku:
-------------------------------
|       8 |         | 9       |
|    6  5 | 8       |    7    |
| 7       |         |       6 |
-------------------------------
| 3       |         |       1 |
|       6 |         |    2    |
|         |    2    |         |
-------------------------------
|         | 1  6    |    3  9 |
|       1 | 7       | 5  8    |
|    2  3 | 5  8    | 6       |
-------------------------------

0.058678, 0.033833
Unsolvable!
Solved Sudoku:
-------------------------------
|    8    | 9  1    |         |
|    3  1 | 2     7 |       8 |
|       2 |       5 |    4    |
-------------------------------
|    1    | 5  3    |         |
|       3 |       8 |       4 |
| 9       |         | 7     2 |
-------------------------------
| 8       | 1       |    9    |
|         |       3 |         |
|         |         |       5 |
-------------------------------

0.014218, 0.00727929
Unsolvable!
Solved Sudoku:
-------------------------------
| 2  9    |       5 |         |
|       7 | 3  6    | 9       |
| 8       |         |       1 |
-------------------------------
|         |         |    9    |
|    5    |    9  2 | 6       |
|    6    |         |    5  8 |
-------------------------------
|         | 6  8  7 |         |
|         |       9 |    8    |
|         | 2       | 7     3 |
-------------------------------

0.006486, 0.00364923
Unsolvable!
Solved Sudoku:
-------------------------------
|         |         |         |
|    1  2 | 8       |    3  9 |
| 7  4  9 |    1    |         |
-------------------------------
|         |    2    |       1 |
| 3  8  7 |    9    |         |
|       6 | 7       |    4    |
-------------------------------
| 4       | 1       |       7 |
| 2       |       4 |         |
|    6  8 |         |       3 |
-------------------------------

0.004868, 0.00256872
Unsolvable!
Solved Sudoku:
-------------------------------
| 5     2 |    3    |    4  8 |
|         |       4 |    9    |
|    3    |         | 2     7 |
-------------------------------
|    2    |         |       6 |
| 9       | 4       |         |
|         |       5 |         |
-------------------------------
|         | 9  2    | 7       |
|         |         | 3  5    |
|         |    6  3 |       2 |
-------------------------------

0.026877, 0.0136559
Unsolvable!
Solved Sudoku:
-------------------------------
|         |         | 9  2    |
|         |         |         |
|    2  5 | 9     3 |       6 |
-------------------------------
|       1 | 5       |       2 |
|    5    |    7    |    6  1 |
|    9  2 | 6       |         |
-------------------------------
|       7 |    2    | 1  5  8 |
|         |       6 |         |
|         | 7       |       3 |
-------------------------------

0.515453, 0.282465
Unsolvable!
Solved Sudoku:
-------------------------------
| 7       |         |    5    |
|    6    |         | 2     4 |
| 5  4  2 |         |    7    |
-------------------------------
|    2    | 3       |    9  6 |
|         |         |    4    |
| 6  3  1 |         |       2 |
-------------------------------
|         |    9    |         |
| 9     4 | 6     3 | 5       |
| 3  7    |         | 9       |
-------------------------------

0.072931, 0.0390922
Unsolvable!
Solved Sudoku:
-------------------------------
| 3  5    | 6  7    |       4 |
|       2 |    5    | 8       |
|         |       3 |       5 |
-------------------------------
|       4 |    1    |         |
|       7 |    2    |    5    |
| 5  1    |         |         |
-------------------------------
| 7  2    |         |         |
|         |       1 |    6    |
| 4       | 3       |    1  2 |
-------------------------------

0.102166, 0.0509259
Unsolvable!
Solved Sudoku:
-------------------------------
| 2       |    5    |         |
|    9    | 6  2    | 8       |
|    6    | 4       |    7    |
-------------------------------
|    3    |    6  5 |       7 |
| 6  8    |         | 2       |
|       2 |         |    9    |
-------------------------------
|         |         |    3    |
|       5 | 7  9    |       6 |
|       8 |    4    |         |
-------------------------------

0.014607, 0.00793326
Unsolvable!
Solved Sudoku:
-------------------------------
|       9 |    7    |         |
| 3       |    6    |         |
| 1       | 5     9 |         |
-------------------------------
| 5     2 |    1  6 |         |
| 6  7    | 3       |         |
|         | 7  8  5 |         |
-------------------------------
|    8    |    2    |    3  9 |
|    1    |       8 |         |
|         |    3    | 1  7    |
-------------------------------

0.177306, 0.100722
Unsolvable!
Solved Sudoku:
-------------------------------
|    5    |    9    | 7  6    |
|    8    | 4       | 9       |
| 6       |         |    3  8 |
-------------------------------
|         | 2       |         |
|    6    |         |         |
| 4     8 |       9 |         |
-------------------------------
|       2 |       8 |    7    |
|       4 | 3     2 |         |
|    9    |         | 2     5 |
-------------------------------

0.002789, 0.00155592
Unsolvable!
Solved Sudoku:
-------------------------------
|    4    |         |         |
|    9    |    7    |    8    |
| 6  2  1 |    8    |       5 |
-------------------------------
|         | 5  2    |       8 |
|         |         |    9  4 |
| 9       |         |         |
-------------------------------
|         |    6    |       2 |
|    6    |       7 |         |
| 2  5    | 9  4    | 8     6 |
-------------------------------

0.029599, 0.0165749
Unsolvable!
Solved Sudoku:
-------------------------------
|         |    4    |         |
| 5     9 |    8    |       3 |
|       4 |         |    5  7 |
-------------------------------
|       7 | 2  1  5 | 8  3    |
|    4    |       9 |         |
|         |         |    7  5 |
-------------------------------
|         | 3  7    |       9 |
|         |         |    2  1 |
|         | 4     2 |         |
-------------------------------

0.028996, 0.0152536
Unsolvable!
Solved Sudoku:
-------------------------------
|    3    |         | 5       |
|    7  2 |    1    |    4    |
|       6 | 8     7 | 1     2 |
-------------------------------
| 4       |    3  1 |       5 |
|         |         |    6    |
|         |       4 |    8  1 |
-------------------------------
|       5 |         | 2       |
|         |         |       3 |
|         | 6  4    |    7    |
-------------------------------

0.019808, 0.00976765
Unsolvable!
Solved Sudoku:
-------------------------------
|    3    | 4       |         |
|         | 7  9    |         |
|    9    |       1 | 8     2 |
-------------------------------
|         |       9 |       7 |
| 6  1  4 | 8     3 |         |
|         | 6  4    |         |
-------------------------------
| 9       |    6    | 7       |
|    7    | 3  2  4 | 1       |
|    4    |         |         |
-------------------------------

0.377160, 0.199251
Unsolvable!
Solved Sudoku:
-------------------------------
|       1 |         | 5       |
| 4       |         |    7    |
| 7  5  3 |         |    9  1 |
-------------------------------
| 2       | 1  5    |       3 |
|    7  6 |       2 |         |
|         |         |    6  4 |
-------------------------------
| 1       | 5  4    | 6       |
|         |         | 3       |
|       4 |    9    |         |
-------------------------------

0.031002, 0.0172645
Unsolvable!
Solved Sudoku:
-------------------------------
|       1 |         |         |
|         | 9     5 | 7       |
| 9       | 2       |    8    |
-------------------------------
|    2    |         | 4     6 |
| 1     8 |       6 |       7 |
|         |       7 |    5  8 |
-------------------------------
| 5       |       8 |    9    |
|         | 4       |         |
|         |    7  1 |         |
-------------------------------

0.268987, 0.140119
Unsolvable!
Solved Sudoku:
-------------------------------
|       6 |         | 1       |
| 5  9    | 6     1 |         |
|         |    9  4 |         |
-------------------------------
|       3 |         |         |
|         | 8     2 |    4    |
|         |    4    |    2    |
-------------------------------
|    4  5 | 1  6    | 3       |
| 6     9 |    8  3 |         |
| 8       |         | 2       |
-------------------------------

3.994637, 2.00924
Unsolvable!
Solved Sudoku:
-------------------------------
|    8  4 | 2       | 5       |
|         |         |         |
| 2       |    9    | 3  6    |
-------------------------------
|         |    4  2 | 6     8 |
|         |    3    | 7     2 |
|         | 9       | 4  5    |
-------------------------------
|    6    |    2  3 |         |
|         | 5  6  4 |         |
|       8 | 7       |         |
-------------------------------

0.038524, 0.0217088
Unsolvable!
Solved Sudoku:
-------------------------------
| 1       |         |         |
|    2    |         | 7  5    |
|    5  4 |         |    1  2 |
-------------------------------
|         |    5    |       1 |
|       9 |    4  2 |         |
|    7    |       1 | 4       |
-------------------------------
| 9  4    |         |         |
|    8  5 |    7    | 2       |
|    3    |         | 8     9 |
-------------------------------

0.017997, 0.0096681
Unsolvable!
Solved Sudoku:
-------------------------------
| 9  8    | 2       | 4     5 |
| 4     7 |    5    |         |
|    3    |    9  6 |         |
-------------------------------
| 5  2    |    6    | 9       |
| 6       |       4 |         |
|         | 8       |       4 |
-------------------------------
|         |         | 5  8    |
|       9 |         | 6       |
| 8       |         |       9 |
-------------------------------

0.024326, 0.012646
Unsolvable!
Solved Sudoku:
-------------------------------
| 1       | 6  8    |         |
|       7 |    3  5 |       6 |
|         |       4 |    1    |
-------------------------------
|    1    | 5       |    3    |
|       9 |         |    8    |
| 5       | 3  4  7 | 6       |
-------------------------------
|       8 |       6 | 7       |
| 9     5 |         |         |
|         | 7       | 8       |
-------------------------------

0.020138, 0.0108882
Unsolvable!
Solved Sudoku:
-------------------------------
| 5     7 |         |         |
| 6     9 | 1       |       4 |
|       4 | 7  9    | 1       |
-------------------------------
|    5  8 |         | 7  4    |
|         |         | 3     9 |
| 9       |         | 5  8    |
-------------------------------
| 3       | 9     8 |       7 |
|         |         | 4     5 |
|    6  1 |         |    9    |
-------------------------------

0.016538, 0.0088197
Unsolvable!
Solved Sudoku:
-------------------------------
|    2    |       6 | 3     9 |
| 5     1 | 9       |         |
| 8       |         |    5  1 |
-------------------------------
|         | 7  9    |         |
|         |         |         |
|       7 |         | 6  1    |
-------------------------------
|         | 2  5    |         |
|         |    7  9 | 2  3    |
|         | 1  8    | 9  7  6 |
-------------------------------

0.001131, 0.000638006
